../../TouchGFX/gui/include/gui/screeneasy_screen/ScreenEasyPresenter.hpp:28:13:ScreenEasyPresenter::~ScreenEasyPresenter()	0	static
C:/TouchGFXProjects/Flappy_Bird_Game/TouchGFX/gui/src/screeneasy_screen/ScreenEasyPresenter.cpp:10:6:virtual void ScreenEasyPresenter::activate()	0	static
../../TouchGFX/gui/include/gui/screeneasy_screen/ScreenEasyPresenter.hpp:28:13:virtual ScreenEasyPresenter::~ScreenEasyPresenter()	8	static
../../TouchGFX/gui/include/gui/screeneasy_screen/ScreenEasyPresenter.hpp:28:13:virtual void* ScreenEasyPresenter::_ZThn4_N19ScreenEasyPresenterD1Ev()	0	static
C:/TouchGFXProjects/Flappy_Bird_Game/TouchGFX/gui/src/screeneasy_screen/ScreenEasyPresenter.cpp:4:1:ScreenEasyPresenter::ScreenEasyPresenter(ScreenEasyView&)	0	static
C:/TouchGFXProjects/Flappy_Bird_Game/TouchGFX/gui/src/screeneasy_screen/ScreenEasyPresenter.cpp:20:6:void ScreenEasyPresenter::UpdateImageX(int16_t)	0	static
C:/TouchGFXProjects/Flappy_Bird_Game/TouchGFX/gui/src/screeneasy_screen/ScreenEasyPresenter.cpp:25:9:int16_t ScreenEasyPresenter::GetImageX()	0	static
