../../TouchGFX/gui/include/gui/screenstart_screen/ScreenStartPresenter.hpp:28:13:ScreenStartPresenter::~ScreenStartPresenter()	0	static
C:/TouchGFXProjects/Flappy_Bird_Game/TouchGFX/gui/src/screenstart_screen/ScreenStartPresenter.cpp:10:6:virtual void ScreenStartPresenter::activate()	0	static
../../TouchGFX/gui/include/gui/screenstart_screen/ScreenStartPresenter.hpp:28:13:virtual ScreenStartPresenter::~ScreenStartPresenter()	8	static
../../TouchGFX/gui/include/gui/screenstart_screen/ScreenStartPresenter.hpp:28:13:virtual void* ScreenStartPresenter::_ZThn4_N20ScreenStartPresenterD1Ev()	0	static
C:/TouchGFXProjects/Flappy_Bird_Game/TouchGFX/gui/src/screenstart_screen/ScreenStartPresenter.cpp:4:1:ScreenStartPresenter::ScreenStartPresenter(ScreenStartView&)	0	static
