../../Middlewares/ST/touchgfx/framework/include/touchgfx/Screen.hpp:104:18:virtual void touchgfx::Screen::afterTransition()	0	static
../../Middlewares/ST/touchgfx/framework/include/touchgfx/Screen.hpp:144:18:virtual void touchgfx::Screen::handleTickEvent()	0	static
../../Middlewares/ST/touchgfx/framework/include/touchgfx/Screen.hpp:154:18:virtual void touchgfx::Screen::handleKeyEvent(uint8_t)	0	static
C:/TouchGFXProjects/Flappy_Bird_Game/TouchGFX/gui/src/screenhighscore_screen/ScreenHighScoreView.cpp:44:6:virtual void ScreenHighScoreView::tearDownScreen()	0	static
../../TouchGFX/gui/include/gui/screenhighscore_screen/ScreenHighScoreView.hpp:11:13:ScreenHighScoreView::~ScreenHighScoreView()	8	static
../../TouchGFX/gui/include/gui/screenhighscore_screen/ScreenHighScoreView.hpp:11:13:virtual ScreenHighScoreView::~ScreenHighScoreView()	8	static
C:/TouchGFXProjects/Flappy_Bird_Game/TouchGFX/gui/src/screenhighscore_screen/ScreenHighScoreView.cpp:14:1:ScreenHighScoreView::ScreenHighScoreView()	8	static
C:/TouchGFXProjects/Flappy_Bird_Game/TouchGFX/gui/src/screenhighscore_screen/ScreenHighScoreView.cpp:19:6:virtual void ScreenHighScoreView::setupScreen()	16	static
