../../Middlewares/ST/touchgfx/framework/include/touchgfx/Screen.hpp:104:18:virtual void touchgfx::Screen::afterTransition()	0	static
../../Middlewares/ST/touchgfx/framework/include/touchgfx/Screen.hpp:154:18:virtual void touchgfx::Screen::handleKeyEvent(uint8_t)	0	static
C:/TouchGFXProjects/Flappy_Bird_Game/TouchGFX/gui/src/screenmedium_screen/ScreenMediumView.cpp:59:6:virtual void ScreenMediumView::tearDownScreen()	8	static
../../TouchGFX/gui/include/gui/screenmedium_screen/ScreenMediumView.hpp:11:13:ScreenMediumView::~ScreenMediumView()	8	static
../../TouchGFX/gui/include/gui/screenmedium_screen/ScreenMediumView.hpp:11:13:virtual ScreenMediumView::~ScreenMediumView()	8	static
C:/TouchGFXProjects/Flappy_Bird_Game/TouchGFX/gui/src/screenmedium_screen/ScreenMediumView.cpp:33:1:ScreenMediumView::ScreenMediumView()	8	static
C:/TouchGFXProjects/Flappy_Bird_Game/TouchGFX/gui/src/screenmedium_screen/ScreenMediumView.cpp:67:6:void ScreenMediumView::scoringFunct()	24	static
C:/TouchGFXProjects/Flappy_Bird_Game/TouchGFX/gui/src/screenmedium_screen/ScreenMediumView.cpp:38:6:virtual void ScreenMediumView::setupScreen()	16	static
C:/TouchGFXProjects/Flappy_Bird_Game/TouchGFX/gui/src/screenmedium_screen/ScreenMediumView.cpp:100:6:virtual void ScreenMediumView::handleTickEvent()	32	static
